// Jest Snapshot v1, https://goo.gl/fbAQLP

exports[`Index snapshot 1`] = `null`;
